<?xml version="1.0" encoding="utf-8"?>
<Report xmlns="http://schemas.microsoft.com/sqlserver/reporting/2008/01/reportdefinition" xmlns:rd="http://schemas.microsoft.com/SQLServer/reporting/reportdesigner">
  <Body>
    <ReportItems>
      <Tablix Name="Tablix6">
        <TablixBody>
          <TablixColumns>
            <TablixColumn>
              <Width>1.07222in</Width>
            </TablixColumn>
            <TablixColumn>
              <Width>0.83889in</Width>
            </TablixColumn>
            <TablixColumn>
              <Width>2.43056in</Width>
            </TablixColumn>
          </TablixColumns>
          <TablixRows>
            <TablixRow>
              <Height>0.39167in</Height>
              <TablixCells>
                <TablixCell>
                  <CellContents>
                    <Textbox Name="Textbox34">
                      <CanGrow>true</CanGrow>
                      <KeepTogether>true</KeepTogether>
                      <Paragraphs>
                        <Paragraph>
                          <TextRuns>
                            <TextRun>
                              <Value>MÃ HÓA ĐƠN</Value>
                              <Style>
                                <Color>Blue</Color>
                              </Style>
                            </TextRun>
                          </TextRuns>
                          <Style>
                            <TextAlign>Center</TextAlign>
                          </Style>
                        </Paragraph>
                      </Paragraphs>
                      <rd:DefaultName>Textbox34</rd:DefaultName>
                      <Style>
                        <Border>
                          <Color>LightGrey</Color>
                          <Style>Solid</Style>
                        </Border>
                        <PaddingLeft>2pt</PaddingLeft>
                        <PaddingRight>2pt</PaddingRight>
                        <PaddingTop>2pt</PaddingTop>
                        <PaddingBottom>2pt</PaddingBottom>
                      </Style>
                    </Textbox>
                  </CellContents>
                </TablixCell>
                <TablixCell>
                  <CellContents>
                    <Textbox Name="Textbox36">
                      <CanGrow>true</CanGrow>
                      <KeepTogether>true</KeepTogether>
                      <Paragraphs>
                        <Paragraph>
                          <TextRuns>
                            <TextRun>
                              <Value>MÃ SÁCH</Value>
                              <Style>
                                <Color>Blue</Color>
                              </Style>
                            </TextRun>
                          </TextRuns>
                          <Style>
                            <TextAlign>Center</TextAlign>
                          </Style>
                        </Paragraph>
                      </Paragraphs>
                      <rd:DefaultName>Textbox36</rd:DefaultName>
                      <Style>
                        <Border>
                          <Color>LightGrey</Color>
                          <Style>Solid</Style>
                        </Border>
                        <PaddingLeft>2pt</PaddingLeft>
                        <PaddingRight>2pt</PaddingRight>
                        <PaddingTop>2pt</PaddingTop>
                        <PaddingBottom>2pt</PaddingBottom>
                      </Style>
                    </Textbox>
                  </CellContents>
                </TablixCell>
                <TablixCell>
                  <CellContents>
                    <Textbox Name="Textbox38">
                      <CanGrow>true</CanGrow>
                      <KeepTogether>true</KeepTogether>
                      <Paragraphs>
                        <Paragraph>
                          <TextRuns>
                            <TextRun>
                              <Value>TÊN SÁCH</Value>
                              <Style>
                                <Color>Blue</Color>
                              </Style>
                            </TextRun>
                          </TextRuns>
                          <Style>
                            <TextAlign>Center</TextAlign>
                          </Style>
                        </Paragraph>
                      </Paragraphs>
                      <rd:DefaultName>Textbox38</rd:DefaultName>
                      <Style>
                        <Border>
                          <Color>LightGrey</Color>
                          <Style>Solid</Style>
                        </Border>
                        <PaddingLeft>2pt</PaddingLeft>
                        <PaddingRight>2pt</PaddingRight>
                        <PaddingTop>2pt</PaddingTop>
                        <PaddingBottom>2pt</PaddingBottom>
                      </Style>
                    </Textbox>
                  </CellContents>
                </TablixCell>
              </TablixCells>
            </TablixRow>
            <TablixRow>
              <Height>0.39167in</Height>
              <TablixCells>
                <TablixCell>
                  <CellContents>
                    <Textbox Name="MaHD">
                      <CanGrow>true</CanGrow>
                      <KeepTogether>true</KeepTogether>
                      <Paragraphs>
                        <Paragraph>
                          <TextRuns>
                            <TextRun>
                              <Value>=Fields!MaHD.Value</Value>
                              <Style />
                            </TextRun>
                          </TextRuns>
                          <Style>
                            <TextAlign>Center</TextAlign>
                          </Style>
                        </Paragraph>
                      </Paragraphs>
                      <rd:DefaultName>MaHD</rd:DefaultName>
                      <Style>
                        <Border>
                          <Color>LightGrey</Color>
                          <Style>Solid</Style>
                        </Border>
                        <PaddingLeft>2pt</PaddingLeft>
                        <PaddingRight>2pt</PaddingRight>
                        <PaddingTop>2pt</PaddingTop>
                        <PaddingBottom>2pt</PaddingBottom>
                      </Style>
                    </Textbox>
                  </CellContents>
                </TablixCell>
                <TablixCell>
                  <CellContents>
                    <Textbox Name="MaSach">
                      <CanGrow>true</CanGrow>
                      <KeepTogether>true</KeepTogether>
                      <Paragraphs>
                        <Paragraph>
                          <TextRuns>
                            <TextRun>
                              <Value>=Fields!MaSach.Value</Value>
                              <Style />
                            </TextRun>
                          </TextRuns>
                          <Style>
                            <TextAlign>Center</TextAlign>
                          </Style>
                        </Paragraph>
                      </Paragraphs>
                      <rd:DefaultName>MaSach</rd:DefaultName>
                      <Style>
                        <Border>
                          <Color>LightGrey</Color>
                          <Style>Solid</Style>
                        </Border>
                        <PaddingLeft>2pt</PaddingLeft>
                        <PaddingRight>2pt</PaddingRight>
                        <PaddingTop>2pt</PaddingTop>
                        <PaddingBottom>2pt</PaddingBottom>
                      </Style>
                    </Textbox>
                  </CellContents>
                </TablixCell>
                <TablixCell>
                  <CellContents>
                    <Textbox Name="TenSach">
                      <CanGrow>true</CanGrow>
                      <KeepTogether>true</KeepTogether>
                      <Paragraphs>
                        <Paragraph>
                          <TextRuns>
                            <TextRun>
                              <Value>=Fields!TenSach.Value</Value>
                              <Style />
                            </TextRun>
                          </TextRuns>
                          <Style>
                            <TextAlign>Center</TextAlign>
                          </Style>
                        </Paragraph>
                      </Paragraphs>
                      <rd:DefaultName>TenSach</rd:DefaultName>
                      <Style>
                        <Border>
                          <Color>LightGrey</Color>
                          <Style>Solid</Style>
                        </Border>
                        <PaddingLeft>2pt</PaddingLeft>
                        <PaddingRight>2pt</PaddingRight>
                        <PaddingTop>2pt</PaddingTop>
                        <PaddingBottom>2pt</PaddingBottom>
                      </Style>
                    </Textbox>
                  </CellContents>
                </TablixCell>
              </TablixCells>
            </TablixRow>
          </TablixRows>
        </TablixBody>
        <TablixColumnHierarchy>
          <TablixMembers>
            <TablixMember />
            <TablixMember />
            <TablixMember />
          </TablixMembers>
        </TablixColumnHierarchy>
        <TablixRowHierarchy>
          <TablixMembers>
            <TablixMember>
              <KeepWithGroup>After</KeepWithGroup>
            </TablixMember>
            <TablixMember>
              <Group Name="Details" />
            </TablixMember>
          </TablixMembers>
        </TablixRowHierarchy>
        <DataSetName>DataSet1</DataSetName>
        <Top>1.83in</Top>
        <Left>0.42167in</Left>
        <Height>0.78334in</Height>
        <Width>4.34167in</Width>
        <Style>
          <Border>
            <Style>None</Style>
          </Border>
        </Style>
      </Tablix>
      <Tablix Name="Tablix7">
        <TablixBody>
          <TablixColumns>
            <TablixColumn>
              <Width>2.44445in</Width>
            </TablixColumn>
            <TablixColumn>
              <Width>1.00278in</Width>
            </TablixColumn>
            <TablixColumn>
              <Width>1.47778in</Width>
            </TablixColumn>
          </TablixColumns>
          <TablixRows>
            <TablixRow>
              <Height>0.39167in</Height>
              <TablixCells>
                <TablixCell>
                  <CellContents>
                    <Textbox Name="Textbox35">
                      <CanGrow>true</CanGrow>
                      <KeepTogether>true</KeepTogether>
                      <Paragraphs>
                        <Paragraph>
                          <TextRuns>
                            <TextRun>
                              <Value>TÊN KHÁCH HÀNG</Value>
                              <Style>
                                <Color>Blue</Color>
                              </Style>
                            </TextRun>
                          </TextRuns>
                          <Style>
                            <TextAlign>Center</TextAlign>
                          </Style>
                        </Paragraph>
                      </Paragraphs>
                      <rd:DefaultName>Textbox34</rd:DefaultName>
                      <Style>
                        <Border>
                          <Color>LightGrey</Color>
                          <Style>Solid</Style>
                        </Border>
                        <PaddingLeft>2pt</PaddingLeft>
                        <PaddingRight>2pt</PaddingRight>
                        <PaddingTop>2pt</PaddingTop>
                        <PaddingBottom>2pt</PaddingBottom>
                      </Style>
                    </Textbox>
                  </CellContents>
                </TablixCell>
                <TablixCell>
                  <CellContents>
                    <Textbox Name="Textbox37">
                      <CanGrow>true</CanGrow>
                      <KeepTogether>true</KeepTogether>
                      <Paragraphs>
                        <Paragraph>
                          <TextRuns>
                            <TextRun>
                              <Value>SỐ LƯỢNG</Value>
                              <Style>
                                <Color>Blue</Color>
                              </Style>
                            </TextRun>
                          </TextRuns>
                          <Style>
                            <TextAlign>Center</TextAlign>
                          </Style>
                        </Paragraph>
                      </Paragraphs>
                      <rd:DefaultName>Textbox36</rd:DefaultName>
                      <Style>
                        <Border>
                          <Color>LightGrey</Color>
                          <Style>Solid</Style>
                        </Border>
                        <PaddingLeft>2pt</PaddingLeft>
                        <PaddingRight>2pt</PaddingRight>
                        <PaddingTop>2pt</PaddingTop>
                        <PaddingBottom>2pt</PaddingBottom>
                      </Style>
                    </Textbox>
                  </CellContents>
                </TablixCell>
                <TablixCell>
                  <CellContents>
                    <Textbox Name="Textbox39">
                      <CanGrow>true</CanGrow>
                      <KeepTogether>true</KeepTogether>
                      <Paragraphs>
                        <Paragraph>
                          <TextRuns>
                            <TextRun>
                              <Value>ĐƠN GIÁ</Value>
                              <Style>
                                <Color>Blue</Color>
                              </Style>
                            </TextRun>
                          </TextRuns>
                          <Style>
                            <TextAlign>Center</TextAlign>
                          </Style>
                        </Paragraph>
                      </Paragraphs>
                      <rd:DefaultName>Textbox38</rd:DefaultName>
                      <Style>
                        <Border>
                          <Color>LightGrey</Color>
                          <Style>Solid</Style>
                        </Border>
                        <PaddingLeft>2pt</PaddingLeft>
                        <PaddingRight>2pt</PaddingRight>
                        <PaddingTop>2pt</PaddingTop>
                        <PaddingBottom>2pt</PaddingBottom>
                      </Style>
                    </Textbox>
                  </CellContents>
                </TablixCell>
              </TablixCells>
            </TablixRow>
            <TablixRow>
              <Height>0.39167in</Height>
              <TablixCells>
                <TablixCell>
                  <CellContents>
                    <Textbox Name="Textbox40">
                      <CanGrow>true</CanGrow>
                      <KeepTogether>true</KeepTogether>
                      <Paragraphs>
                        <Paragraph>
                          <TextRuns>
                            <TextRun>
                              <Value>=Fields!TenKH.Value</Value>
                              <Style />
                            </TextRun>
                          </TextRuns>
                          <Style>
                            <TextAlign>Center</TextAlign>
                          </Style>
                        </Paragraph>
                      </Paragraphs>
                      <rd:DefaultName>Textbox35</rd:DefaultName>
                      <Style>
                        <Border>
                          <Color>LightGrey</Color>
                          <Style>Solid</Style>
                        </Border>
                        <PaddingLeft>2pt</PaddingLeft>
                        <PaddingRight>2pt</PaddingRight>
                        <PaddingTop>2pt</PaddingTop>
                        <PaddingBottom>2pt</PaddingBottom>
                      </Style>
                    </Textbox>
                  </CellContents>
                </TablixCell>
                <TablixCell>
                  <CellContents>
                    <Textbox Name="Textbox41">
                      <CanGrow>true</CanGrow>
                      <KeepTogether>true</KeepTogether>
                      <Paragraphs>
                        <Paragraph>
                          <TextRuns>
                            <TextRun>
                              <Value>=Fields!SoLuong.Value</Value>
                              <Style />
                            </TextRun>
                          </TextRuns>
                          <Style>
                            <TextAlign>Center</TextAlign>
                          </Style>
                        </Paragraph>
                      </Paragraphs>
                      <rd:DefaultName>Textbox37</rd:DefaultName>
                      <Style>
                        <Border>
                          <Color>LightGrey</Color>
                          <Style>Solid</Style>
                        </Border>
                        <PaddingLeft>2pt</PaddingLeft>
                        <PaddingRight>2pt</PaddingRight>
                        <PaddingTop>2pt</PaddingTop>
                        <PaddingBottom>2pt</PaddingBottom>
                      </Style>
                    </Textbox>
                  </CellContents>
                </TablixCell>
                <TablixCell>
                  <CellContents>
                    <Textbox Name="Textbox42">
                      <CanGrow>true</CanGrow>
                      <KeepTogether>true</KeepTogether>
                      <Paragraphs>
                        <Paragraph>
                          <TextRuns>
                            <TextRun>
                              <Value>=Fields!DonGia.Value</Value>
                              <Style />
                            </TextRun>
                          </TextRuns>
                          <Style>
                            <TextAlign>Center</TextAlign>
                          </Style>
                        </Paragraph>
                      </Paragraphs>
                      <rd:DefaultName>Textbox39</rd:DefaultName>
                      <Style>
                        <Border>
                          <Color>LightGrey</Color>
                          <Style>Solid</Style>
                        </Border>
                        <PaddingLeft>2pt</PaddingLeft>
                        <PaddingRight>2pt</PaddingRight>
                        <PaddingTop>2pt</PaddingTop>
                        <PaddingBottom>2pt</PaddingBottom>
                      </Style>
                    </Textbox>
                  </CellContents>
                </TablixCell>
              </TablixCells>
            </TablixRow>
          </TablixRows>
        </TablixBody>
        <TablixColumnHierarchy>
          <TablixMembers>
            <TablixMember />
            <TablixMember />
            <TablixMember />
          </TablixMembers>
        </TablixColumnHierarchy>
        <TablixRowHierarchy>
          <TablixMembers>
            <TablixMember>
              <KeepWithGroup>After</KeepWithGroup>
            </TablixMember>
            <TablixMember>
              <Group Name="Details2" />
            </TablixMember>
          </TablixMembers>
        </TablixRowHierarchy>
        <DataSetName>DataSet1</DataSetName>
        <Top>1.83in</Top>
        <Left>4.77722in</Left>
        <Height>0.78334in</Height>
        <Width>4.92501in</Width>
        <ZIndex>1</ZIndex>
        <Style>
          <Border>
            <Style>None</Style>
          </Border>
        </Style>
      </Tablix>
      <Tablix Name="Tablix9">
        <TablixBody>
          <TablixColumns>
            <TablixColumn>
              <Width>2.19167in</Width>
            </TablixColumn>
          </TablixColumns>
          <TablixRows>
            <TablixRow>
              <Height>0.25in</Height>
              <TablixCells>
                <TablixCell>
                  <CellContents>
                    <Textbox Name="Textbox55">
                      <CanGrow>true</CanGrow>
                      <KeepTogether>true</KeepTogether>
                      <Paragraphs>
                        <Paragraph>
                          <TextRuns>
                            <TextRun>
                              <Value>THÀNH TIỀN</Value>
                              <Style>
                                <Color>Blue</Color>
                              </Style>
                            </TextRun>
                          </TextRuns>
                          <Style>
                            <TextAlign>Center</TextAlign>
                          </Style>
                        </Paragraph>
                      </Paragraphs>
                      <rd:DefaultName>Textbox55</rd:DefaultName>
                      <Style>
                        <Border>
                          <Color>LightGrey</Color>
                          <Style>Solid</Style>
                        </Border>
                        <PaddingLeft>2pt</PaddingLeft>
                        <PaddingRight>2pt</PaddingRight>
                        <PaddingTop>2pt</PaddingTop>
                        <PaddingBottom>2pt</PaddingBottom>
                      </Style>
                    </Textbox>
                  </CellContents>
                </TablixCell>
              </TablixCells>
            </TablixRow>
            <TablixRow>
              <Height>0.25in</Height>
              <TablixCells>
                <TablixCell>
                  <CellContents>
                    <Textbox Name="TongTien">
                      <CanGrow>true</CanGrow>
                      <KeepTogether>true</KeepTogether>
                      <Paragraphs>
                        <Paragraph>
                          <TextRuns>
                            <TextRun>
                              <Value>=Fields!TongTien.Value</Value>
                              <Style>
                                <Color>Red</Color>
                              </Style>
                            </TextRun>
                          </TextRuns>
                          <Style />
                        </Paragraph>
                      </Paragraphs>
                      <rd:DefaultName>TongTien</rd:DefaultName>
                      <Style>
                        <Border>
                          <Color>LightGrey</Color>
                          <Style>Solid</Style>
                        </Border>
                        <PaddingLeft>2pt</PaddingLeft>
                        <PaddingRight>2pt</PaddingRight>
                        <PaddingTop>2pt</PaddingTop>
                        <PaddingBottom>2pt</PaddingBottom>
                      </Style>
                    </Textbox>
                  </CellContents>
                </TablixCell>
              </TablixCells>
            </TablixRow>
          </TablixRows>
        </TablixBody>
        <TablixColumnHierarchy>
          <TablixMembers>
            <TablixMember>
              <Visibility>
                <Hidden>true</Hidden>
              </Visibility>
            </TablixMember>
          </TablixMembers>
        </TablixColumnHierarchy>
        <TablixRowHierarchy>
          <TablixMembers>
            <TablixMember>
              <KeepWithGroup>After</KeepWithGroup>
            </TablixMember>
            <TablixMember>
              <Group Name="Details1" />
            </TablixMember>
          </TablixMembers>
        </TablixRowHierarchy>
        <DataSetName>DataSet1</DataSetName>
        <Top>2.99167in</Top>
        <Left>7.51056in</Left>
        <Height>0.5in</Height>
        <Width>2.19167in</Width>
        <ZIndex>2</ZIndex>
        <Style>
          <Border>
            <Style>None</Style>
          </Border>
        </Style>
      </Tablix>
      <Textbox Name="Textbox67">
        <CanGrow>true</CanGrow>
        <KeepTogether>true</KeepTogether>
        <Paragraphs>
          <Paragraph>
            <TextRuns>
              <TextRun>
                <Value>HÓA ĐƠN BÁN SÁCH</Value>
                <Style>
                  <FontSize>26pt</FontSize>
                  <FontWeight>Bold</FontWeight>
                  <Color>Red</Color>
                </Style>
              </TextRun>
            </TextRuns>
            <Style>
              <TextAlign>Center</TextAlign>
            </Style>
          </Paragraph>
        </Paragraphs>
        <rd:DefaultName>Textbox67</rd:DefaultName>
        <Top>0.4in</Top>
        <Left>3.155in</Left>
        <Height>0.51667in</Height>
        <Width>3.76667in</Width>
        <ZIndex>3</ZIndex>
        <Style>
          <Border>
            <Style>None</Style>
          </Border>
          <PaddingLeft>2pt</PaddingLeft>
          <PaddingRight>2pt</PaddingRight>
          <PaddingTop>2pt</PaddingTop>
          <PaddingBottom>2pt</PaddingBottom>
        </Style>
      </Textbox>
    </ReportItems>
    <Height>4.525in</Height>
    <Style />
  </Body>
  <Width>10.05in</Width>
  <Page>
    <LeftMargin>1in</LeftMargin>
    <RightMargin>1in</RightMargin>
    <TopMargin>1in</TopMargin>
    <BottomMargin>1in</BottomMargin>
    <Style />
  </Page>
  <AutoRefresh>0</AutoRefresh>
  <DataSources>
    <DataSource Name="inHD">
      <ConnectionProperties>
        <DataProvider>System.Data.DataSet</DataProvider>
        <ConnectString>/* Local Connection */</ConnectString>
      </ConnectionProperties>
      <rd:DataSourceID>d50545b1-38dc-4ed3-91bc-8b20fc466854</rd:DataSourceID>
    </DataSource>
  </DataSources>
  <DataSets>
    <DataSet Name="DataSet1">
      <Query>
        <DataSourceName>inHD</DataSourceName>
        <CommandText>/* Local Query */</CommandText>
      </Query>
      <Fields>
        <Field Name="MaHD">
          <DataField>MaHD</DataField>
          <rd:TypeName>System.String</rd:TypeName>
        </Field>
        <Field Name="MaSach">
          <DataField>MaSach</DataField>
          <rd:TypeName>System.String</rd:TypeName>
        </Field>
        <Field Name="TenSach">
          <DataField>TenSach</DataField>
          <rd:TypeName>System.String</rd:TypeName>
        </Field>
        <Field Name="TenKH">
          <DataField>TenKH</DataField>
          <rd:TypeName>System.String</rd:TypeName>
        </Field>
        <Field Name="SoLuong">
          <DataField>SoLuong</DataField>
          <rd:TypeName>System.Int32</rd:TypeName>
        </Field>
        <Field Name="DonGia">
          <DataField>DonGia</DataField>
          <rd:TypeName>System.Double</rd:TypeName>
        </Field>
        <Field Name="TongTien">
          <DataField>TongTien</DataField>
          <rd:TypeName>System.Double</rd:TypeName>
        </Field>
      </Fields>
      <rd:DataSetInfo>
        <rd:DataSetName>inHD</rd:DataSetName>
        <rd:SchemaPath>C:\Users\hoang\OneDrive\Máy tính\QL_NhaSach_Nhom12\QL_NhaSach\NhaSach\inHD.xsd</rd:SchemaPath>
        <rd:TableName>ChiTietHoaDon</rd:TableName>
        <rd:TableAdapterFillMethod />
        <rd:TableAdapterGetDataMethod />
        <rd:TableAdapterName />
      </rd:DataSetInfo>
    </DataSet>
  </DataSets>
  <rd:ReportUnitType>Inch</rd:ReportUnitType>
  <rd:ReportID>f005f62b-a093-423b-87ba-15fb1a598b61</rd:ReportID>
</Report>